<?xml version="1.0" encoding="UTF-8"?>
<TestRun id="7a2b7386-b1b9-41f0-acbf-b332654e5d96" name="User@USER-34C25 2015-12-22 09:56:57" runUser="User-34c25\User" xmlns="http://microsoft.com/schemas/VisualStudio/TeamTest/2010">
  <TestSettings name="Локальные" id="b3e9a8e9-d6f6-4451-9368-cfa70fe68f16">
    <Description>Это - параметры по умолчанию для локального тестового запуска.</Description>
    <Deployment enabled="false" runDeploymentRoot="User_USER-34C25 2015-12-22 09_56_57">
      <DeploymentItem filename="D:\onu\ИПО\krgt\krgt\bin\Debug\krgt.exe" />
    </Deployment>
    <Execution>
      <TestTypeSpecific />
      <AgentRule name="Execution Agents">
      </AgentRule>
    </Execution>
  </TestSettings>
  <Times creation="2015-12-22T09:56:57.7671096+02:00" queuing="2015-12-22T09:57:00.2202499+02:00" start="2015-12-22T09:57:00.4632638+02:00" finish="2015-12-22T09:57:02.6553892+02:00" />
  <ResultSummary outcome="Completed">
    <Counters total="12" executed="12" passed="12" error="0" failed="0" timeout="0" aborted="0" inconclusive="0" passedButRunAborted="0" notRunnable="0" notExecuted="0" disconnected="0" warning="0" completed="0" inProgress="0" pending="0" />
  </ResultSummary>
  <TestDefinitions>
    <UnitTest name="TestMethod10" storage="d:\onu\ипо\krgt\testproject1\bin\debug\testproject1.dll" id="692430c7-4c85-6dff-1bc3-d0bfece3800d">
      <Execution id="489cf300-314e-4b14-bd78-eeedc688d487" />
      <TestMethod codeBase="D:/onu/ИПО/krgt/TestProject1/bin/Debug/TestProject1.DLL" adapterTypeName="Microsoft.VisualStudio.TestTools.TestTypes.Unit.UnitTestAdapter, Microsoft.VisualStudio.QualityTools.Tips.UnitTest.Adapter, Version=10.0.0.0, Culture=neutral, PublicKeyToken=b03f5f7f11d50a3a" className="TestProject1.Test2, TestProject1, Version=1.0.0.0, Culture=neutral, PublicKeyToken=null" name="TestMethod10" />
    </UnitTest>
    <UnitTest name="TestMethod1" storage="d:\onu\ипо\krgt\testproject1\bin\debug\testproject1.dll" id="d1502b1c-5ef7-dd41-2c56-29365ac4e002">
      <Execution id="50281380-6592-4b38-a487-c8cd8b4dc60b" />
      <TestMethod codeBase="D:/onu/ИПО/krgt/TestProject1/bin/Debug/TestProject1.DLL" adapterTypeName="Microsoft.VisualStudio.TestTools.TestTypes.Unit.UnitTestAdapter, Microsoft.VisualStudio.QualityTools.Tips.UnitTest.Adapter, Version=10.0.0.0, Culture=neutral, PublicKeyToken=b03f5f7f11d50a3a" className="TestProject1.Test1, TestProject1, Version=1.0.0.0, Culture=neutral, PublicKeyToken=null" name="TestMethod1" />
    </UnitTest>
    <UnitTest name="TestMethod8" storage="d:\onu\ипо\krgt\testproject1\bin\debug\testproject1.dll" id="634b9050-9cf1-ec9f-5e9a-6b6b65a1d5e7">
      <Execution id="0e23c25c-299e-4e7d-8aba-e52e09b859f4" />
      <TestMethod codeBase="D:/onu/ИПО/krgt/TestProject1/bin/Debug/TestProject1.DLL" adapterTypeName="Microsoft.VisualStudio.TestTools.TestTypes.Unit.UnitTestAdapter, Microsoft.VisualStudio.QualityTools.Tips.UnitTest.Adapter, Version=10.0.0.0, Culture=neutral, PublicKeyToken=b03f5f7f11d50a3a" className="TestProject1.Test2, TestProject1, Version=1.0.0.0, Culture=neutral, PublicKeyToken=null" name="TestMethod8" />
    </UnitTest>
    <UnitTest name="TestMethod4" storage="d:\onu\ипо\krgt\testproject1\bin\debug\testproject1.dll" id="a6acd03a-a2db-f80c-bcb4-0ea4e23c1619">
      <Execution id="98336dc0-b406-40e8-bc2e-c7c23e063dd4" />
      <TestMethod codeBase="D:/onu/ИПО/krgt/TestProject1/bin/Debug/TestProject1.DLL" adapterTypeName="Microsoft.VisualStudio.TestTools.TestTypes.Unit.UnitTestAdapter, Microsoft.VisualStudio.QualityTools.Tips.UnitTest.Adapter, Version=10.0.0.0, Culture=neutral, PublicKeyToken=b03f5f7f11d50a3a" className="TestProject1.Test1, TestProject1, Version=1.0.0.0, Culture=neutral, PublicKeyToken=null" name="TestMethod4" />
    </UnitTest>
    <UnitTest name="TestMethod9" storage="d:\onu\ипо\krgt\testproject1\bin\debug\testproject1.dll" id="4868da3a-4dd6-c233-2a85-0359299948ad">
      <Execution id="bb06f700-80a5-415f-a6e3-87a55c9ce007" />
      <TestMethod codeBase="D:/onu/ИПО/krgt/TestProject1/bin/Debug/TestProject1.DLL" adapterTypeName="Microsoft.VisualStudio.TestTools.TestTypes.Unit.UnitTestAdapter, Microsoft.VisualStudio.QualityTools.Tips.UnitTest.Adapter, Version=10.0.0.0, Culture=neutral, PublicKeyToken=b03f5f7f11d50a3a" className="TestProject1.Test2, TestProject1, Version=1.0.0.0, Culture=neutral, PublicKeyToken=null" name="TestMethod9" />
    </UnitTest>
    <UnitTest name="TestMethod6" storage="d:\onu\ипо\krgt\testproject1\bin\debug\testproject1.dll" id="d11305d8-8f4f-c704-3c83-80f1146d0d52">
      <Execution id="b45ac66c-c903-4233-846b-27079f4cf0eb" />
      <TestMethod codeBase="D:/onu/ИПО/krgt/TestProject1/bin/Debug/TestProject1.DLL" adapterTypeName="Microsoft.VisualStudio.TestTools.TestTypes.Unit.UnitTestAdapter, Microsoft.VisualStudio.QualityTools.Tips.UnitTest.Adapter, Version=10.0.0.0, Culture=neutral, PublicKeyToken=b03f5f7f11d50a3a" className="TestProject1.Test2, TestProject1, Version=1.0.0.0, Culture=neutral, PublicKeyToken=null" name="TestMethod6" />
    </UnitTest>
    <UnitTest name="TestMethod11" storage="d:\onu\ипо\krgt\testproject1\bin\debug\testproject1.dll" id="df482907-2048-1723-c1a9-2786a4339262">
      <Execution id="31460692-ad75-4ec3-b126-b1b19acbb8f0" />
      <TestMethod codeBase="D:/onu/ИПО/krgt/TestProject1/bin/Debug/TestProject1.DLL" adapterTypeName="Microsoft.VisualStudio.TestTools.TestTypes.Unit.UnitTestAdapter, Microsoft.VisualStudio.QualityTools.Tips.UnitTest.Adapter, Version=10.0.0.0, Culture=neutral, PublicKeyToken=b03f5f7f11d50a3a" className="TestProject1.Test3, TestProject1, Version=1.0.0.0, Culture=neutral, PublicKeyToken=null" name="TestMethod11" />
    </UnitTest>
    <UnitTest name="TestMethod2" storage="d:\onu\ипо\krgt\testproject1\bin\debug\testproject1.dll" id="01ee3eb1-07a3-04a0-6db9-e213f599c73a">
      <Execution id="9ef49c51-025e-479f-887e-89e66a6e8dec" />
      <TestMethod codeBase="D:/onu/ИПО/krgt/TestProject1/bin/Debug/TestProject1.DLL" adapterTypeName="Microsoft.VisualStudio.TestTools.TestTypes.Unit.UnitTestAdapter, Microsoft.VisualStudio.QualityTools.Tips.UnitTest.Adapter, Version=10.0.0.0, Culture=neutral, PublicKeyToken=b03f5f7f11d50a3a" className="TestProject1.Test1, TestProject1, Version=1.0.0.0, Culture=neutral, PublicKeyToken=null" name="TestMethod2" />
    </UnitTest>
    <UnitTest name="TestMethod12" storage="d:\onu\ипо\krgt\testproject1\bin\debug\testproject1.dll" id="310364e2-ef2e-001c-0221-41de1ca95679">
      <Execution id="90d9629c-7f34-4e25-9cdf-8eb6906669c0" />
      <TestMethod codeBase="D:/onu/ИПО/krgt/TestProject1/bin/Debug/TestProject1.DLL" adapterTypeName="Microsoft.VisualStudio.TestTools.TestTypes.Unit.UnitTestAdapter, Microsoft.VisualStudio.QualityTools.Tips.UnitTest.Adapter, Version=10.0.0.0, Culture=neutral, PublicKeyToken=b03f5f7f11d50a3a" className="TestProject1.Test3, TestProject1, Version=1.0.0.0, Culture=neutral, PublicKeyToken=null" name="TestMethod12" />
    </UnitTest>
    <UnitTest name="TestMethod3" storage="d:\onu\ипо\krgt\testproject1\bin\debug\testproject1.dll" id="ffd81534-dc3e-b6bf-4714-2224d7e98700">
      <Execution id="1d5c0b9b-a634-4970-9102-55c55dc098c9" />
      <TestMethod codeBase="D:/onu/ИПО/krgt/TestProject1/bin/Debug/TestProject1.DLL" adapterTypeName="Microsoft.VisualStudio.TestTools.TestTypes.Unit.UnitTestAdapter, Microsoft.VisualStudio.QualityTools.Tips.UnitTest.Adapter, Version=10.0.0.0, Culture=neutral, PublicKeyToken=b03f5f7f11d50a3a" className="TestProject1.Test1, TestProject1, Version=1.0.0.0, Culture=neutral, PublicKeyToken=null" name="TestMethod3" />
    </UnitTest>
    <UnitTest name="TestMethod5" storage="d:\onu\ипо\krgt\testproject1\bin\debug\testproject1.dll" id="89ec6f36-9b96-265e-a1c4-0908c686cef2">
      <Execution id="927c9433-18e9-4ffc-ae62-a33b2af99c60" />
      <TestMethod codeBase="D:/onu/ИПО/krgt/TestProject1/bin/Debug/TestProject1.DLL" adapterTypeName="Microsoft.VisualStudio.TestTools.TestTypes.Unit.UnitTestAdapter, Microsoft.VisualStudio.QualityTools.Tips.UnitTest.Adapter, Version=10.0.0.0, Culture=neutral, PublicKeyToken=b03f5f7f11d50a3a" className="TestProject1.Test1, TestProject1, Version=1.0.0.0, Culture=neutral, PublicKeyToken=null" name="TestMethod5" />
    </UnitTest>
    <UnitTest name="TestMethod7" storage="d:\onu\ипо\krgt\testproject1\bin\debug\testproject1.dll" id="c032974c-c399-20c0-5d78-a0f948c2a820">
      <Execution id="cd245700-ae44-437d-82a1-f0ba0f445eea" />
      <TestMethod codeBase="D:/onu/ИПО/krgt/TestProject1/bin/Debug/TestProject1.DLL" adapterTypeName="Microsoft.VisualStudio.TestTools.TestTypes.Unit.UnitTestAdapter, Microsoft.VisualStudio.QualityTools.Tips.UnitTest.Adapter, Version=10.0.0.0, Culture=neutral, PublicKeyToken=b03f5f7f11d50a3a" className="TestProject1.Test2, TestProject1, Version=1.0.0.0, Culture=neutral, PublicKeyToken=null" name="TestMethod7" />
    </UnitTest>
  </TestDefinitions>
  <TestLists>
    <TestList name="Отсутствующие в списке результаты" id="8c84fa94-04c1-424b-9868-57a2d4851a1d" />
    <TestList name="Все загруженные результаты" id="19431567-8539-422a-85d7-44ee4e166bda" />
  </TestLists>
  <TestEntries>
    <TestEntry testId="01ee3eb1-07a3-04a0-6db9-e213f599c73a" executionId="9ef49c51-025e-479f-887e-89e66a6e8dec" testListId="8c84fa94-04c1-424b-9868-57a2d4851a1d" />
    <TestEntry testId="310364e2-ef2e-001c-0221-41de1ca95679" executionId="90d9629c-7f34-4e25-9cdf-8eb6906669c0" testListId="8c84fa94-04c1-424b-9868-57a2d4851a1d" />
    <TestEntry testId="4868da3a-4dd6-c233-2a85-0359299948ad" executionId="bb06f700-80a5-415f-a6e3-87a55c9ce007" testListId="8c84fa94-04c1-424b-9868-57a2d4851a1d" />
    <TestEntry testId="634b9050-9cf1-ec9f-5e9a-6b6b65a1d5e7" executionId="0e23c25c-299e-4e7d-8aba-e52e09b859f4" testListId="8c84fa94-04c1-424b-9868-57a2d4851a1d" />
    <TestEntry testId="692430c7-4c85-6dff-1bc3-d0bfece3800d" executionId="489cf300-314e-4b14-bd78-eeedc688d487" testListId="8c84fa94-04c1-424b-9868-57a2d4851a1d" />
    <TestEntry testId="89ec6f36-9b96-265e-a1c4-0908c686cef2" executionId="927c9433-18e9-4ffc-ae62-a33b2af99c60" testListId="8c84fa94-04c1-424b-9868-57a2d4851a1d" />
    <TestEntry testId="a6acd03a-a2db-f80c-bcb4-0ea4e23c1619" executionId="98336dc0-b406-40e8-bc2e-c7c23e063dd4" testListId="8c84fa94-04c1-424b-9868-57a2d4851a1d" />
    <TestEntry testId="c032974c-c399-20c0-5d78-a0f948c2a820" executionId="cd245700-ae44-437d-82a1-f0ba0f445eea" testListId="8c84fa94-04c1-424b-9868-57a2d4851a1d" />
    <TestEntry testId="d11305d8-8f4f-c704-3c83-80f1146d0d52" executionId="b45ac66c-c903-4233-846b-27079f4cf0eb" testListId="8c84fa94-04c1-424b-9868-57a2d4851a1d" />
    <TestEntry testId="d1502b1c-5ef7-dd41-2c56-29365ac4e002" executionId="50281380-6592-4b38-a487-c8cd8b4dc60b" testListId="8c84fa94-04c1-424b-9868-57a2d4851a1d" />
    <TestEntry testId="df482907-2048-1723-c1a9-2786a4339262" executionId="31460692-ad75-4ec3-b126-b1b19acbb8f0" testListId="8c84fa94-04c1-424b-9868-57a2d4851a1d" />
    <TestEntry testId="ffd81534-dc3e-b6bf-4714-2224d7e98700" executionId="1d5c0b9b-a634-4970-9102-55c55dc098c9" testListId="8c84fa94-04c1-424b-9868-57a2d4851a1d" />
  </TestEntries>
  <Results>
    <UnitTestResult executionId="9ef49c51-025e-479f-887e-89e66a6e8dec" testId="01ee3eb1-07a3-04a0-6db9-e213f599c73a" testName="TestMethod2" computerName="USER-34C25" duration="00:00:00.1242669" startTime="2015-12-22T09:57:00.5902711+02:00" endTime="2015-12-22T09:57:02.4183756+02:00" testType="13cdc9d9-ddb5-4fa4-a97d-d965ccfc6d4b" outcome="Passed" testListId="8c84fa94-04c1-424b-9868-57a2d4851a1d" relativeResultsDirectory="9ef49c51-025e-479f-887e-89e66a6e8dec">
    </UnitTestResult>
    <UnitTestResult executionId="90d9629c-7f34-4e25-9cdf-8eb6906669c0" testId="310364e2-ef2e-001c-0221-41de1ca95679" testName="TestMethod12" computerName="USER-34C25" duration="00:00:00.0022625" startTime="2015-12-22T09:57:02.4213758+02:00" endTime="2015-12-22T09:57:02.4293763+02:00" testType="13cdc9d9-ddb5-4fa4-a97d-d965ccfc6d4b" outcome="Passed" testListId="8c84fa94-04c1-424b-9868-57a2d4851a1d" relativeResultsDirectory="90d9629c-7f34-4e25-9cdf-8eb6906669c0">
    </UnitTestResult>
    <UnitTestResult executionId="bb06f700-80a5-415f-a6e3-87a55c9ce007" testId="4868da3a-4dd6-c233-2a85-0359299948ad" testName="TestMethod9" computerName="USER-34C25" duration="00:00:00.0015394" startTime="2015-12-22T09:57:02.4333765+02:00" endTime="2015-12-22T09:57:02.4403769+02:00" testType="13cdc9d9-ddb5-4fa4-a97d-d965ccfc6d4b" outcome="Passed" testListId="8c84fa94-04c1-424b-9868-57a2d4851a1d" relativeResultsDirectory="bb06f700-80a5-415f-a6e3-87a55c9ce007">
    </UnitTestResult>
    <UnitTestResult executionId="0e23c25c-299e-4e7d-8aba-e52e09b859f4" testId="634b9050-9cf1-ec9f-5e9a-6b6b65a1d5e7" testName="TestMethod8" computerName="USER-34C25" duration="00:00:00.0012486" startTime="2015-12-22T09:57:02.4443771+02:00" endTime="2015-12-22T09:57:02.4503775+02:00" testType="13cdc9d9-ddb5-4fa4-a97d-d965ccfc6d4b" outcome="Passed" testListId="8c84fa94-04c1-424b-9868-57a2d4851a1d" relativeResultsDirectory="0e23c25c-299e-4e7d-8aba-e52e09b859f4">
    </UnitTestResult>
    <UnitTestResult executionId="489cf300-314e-4b14-bd78-eeedc688d487" testId="692430c7-4c85-6dff-1bc3-d0bfece3800d" testName="TestMethod10" computerName="USER-34C25" duration="00:00:00.0012478" startTime="2015-12-22T09:57:02.4543777+02:00" endTime="2015-12-22T09:57:02.4603780+02:00" testType="13cdc9d9-ddb5-4fa4-a97d-d965ccfc6d4b" outcome="Passed" testListId="8c84fa94-04c1-424b-9868-57a2d4851a1d" relativeResultsDirectory="489cf300-314e-4b14-bd78-eeedc688d487">
    </UnitTestResult>
    <UnitTestResult executionId="927c9433-18e9-4ffc-ae62-a33b2af99c60" testId="89ec6f36-9b96-265e-a1c4-0908c686cef2" testName="TestMethod5" computerName="USER-34C25" duration="00:00:00.0010493" startTime="2015-12-22T09:57:02.4633782+02:00" endTime="2015-12-22T09:57:02.4683785+02:00" testType="13cdc9d9-ddb5-4fa4-a97d-d965ccfc6d4b" outcome="Passed" testListId="8c84fa94-04c1-424b-9868-57a2d4851a1d" relativeResultsDirectory="927c9433-18e9-4ffc-ae62-a33b2af99c60">
    </UnitTestResult>
    <UnitTestResult executionId="98336dc0-b406-40e8-bc2e-c7c23e063dd4" testId="a6acd03a-a2db-f80c-bcb4-0ea4e23c1619" testName="TestMethod4" computerName="USER-34C25" duration="00:00:00.0052794" startTime="2015-12-22T09:57:02.4703786+02:00" endTime="2015-12-22T09:57:02.4913798+02:00" testType="13cdc9d9-ddb5-4fa4-a97d-d965ccfc6d4b" outcome="Passed" testListId="8c84fa94-04c1-424b-9868-57a2d4851a1d" relativeResultsDirectory="98336dc0-b406-40e8-bc2e-c7c23e063dd4">
    </UnitTestResult>
    <UnitTestResult executionId="cd245700-ae44-437d-82a1-f0ba0f445eea" testId="c032974c-c399-20c0-5d78-a0f948c2a820" testName="TestMethod7" computerName="USER-34C25" duration="00:00:00.0004596" startTime="2015-12-22T09:57:02.4943800+02:00" endTime="2015-12-22T09:57:02.5003803+02:00" testType="13cdc9d9-ddb5-4fa4-a97d-d965ccfc6d4b" outcome="Passed" testListId="8c84fa94-04c1-424b-9868-57a2d4851a1d" relativeResultsDirectory="cd245700-ae44-437d-82a1-f0ba0f445eea">
    </UnitTestResult>
    <UnitTestResult executionId="b45ac66c-c903-4233-846b-27079f4cf0eb" testId="d11305d8-8f4f-c704-3c83-80f1146d0d52" testName="TestMethod6" computerName="USER-34C25" duration="00:00:00.0009929" startTime="2015-12-22T09:57:02.5033805+02:00" endTime="2015-12-22T09:57:02.5093808+02:00" testType="13cdc9d9-ddb5-4fa4-a97d-d965ccfc6d4b" outcome="Passed" testListId="8c84fa94-04c1-424b-9868-57a2d4851a1d" relativeResultsDirectory="b45ac66c-c903-4233-846b-27079f4cf0eb">
    </UnitTestResult>
    <UnitTestResult executionId="50281380-6592-4b38-a487-c8cd8b4dc60b" testId="d1502b1c-5ef7-dd41-2c56-29365ac4e002" testName="TestMethod1" computerName="USER-34C25" duration="00:00:00.0010566" startTime="2015-12-22T09:57:02.5123810+02:00" endTime="2015-12-22T09:57:02.5183814+02:00" testType="13cdc9d9-ddb5-4fa4-a97d-d965ccfc6d4b" outcome="Passed" testListId="8c84fa94-04c1-424b-9868-57a2d4851a1d" relativeResultsDirectory="50281380-6592-4b38-a487-c8cd8b4dc60b">
    </UnitTestResult>
    <UnitTestResult executionId="31460692-ad75-4ec3-b126-b1b19acbb8f0" testId="df482907-2048-1723-c1a9-2786a4339262" testName="TestMethod11" computerName="USER-34C25" duration="00:00:00.0006512" startTime="2015-12-22T09:57:02.5223816+02:00" endTime="2015-12-22T09:57:02.5273819+02:00" testType="13cdc9d9-ddb5-4fa4-a97d-d965ccfc6d4b" outcome="Passed" testListId="8c84fa94-04c1-424b-9868-57a2d4851a1d" relativeResultsDirectory="31460692-ad75-4ec3-b126-b1b19acbb8f0">
    </UnitTestResult>
    <UnitTestResult executionId="1d5c0b9b-a634-4970-9102-55c55dc098c9" testId="ffd81534-dc3e-b6bf-4714-2224d7e98700" testName="TestMethod3" computerName="USER-34C25" duration="00:00:00.0007376" startTime="2015-12-22T09:57:02.5313821+02:00" endTime="2015-12-22T09:57:02.5363824+02:00" testType="13cdc9d9-ddb5-4fa4-a97d-d965ccfc6d4b" outcome="Passed" testListId="8c84fa94-04c1-424b-9868-57a2d4851a1d" relativeResultsDirectory="1d5c0b9b-a634-4970-9102-55c55dc098c9">
    </UnitTestResult>
  </Results>
</TestRun>