<?xml version="1.0" encoding="UTF-8"?>
<TestRun id="da412244-8d9b-4de4-9cf0-a09f930ffcf2" name="User@USER-34C25 2015-12-16 22:09:07" runUser="User-34c25\User" xmlns="http://microsoft.com/schemas/VisualStudio/TeamTest/2010">
  <TestSettings name="Локальные" id="b3e9a8e9-d6f6-4451-9368-cfa70fe68f16">
    <Description>Это - параметры по умолчанию для локального тестового запуска.</Description>
    <Deployment enabled="false" runDeploymentRoot="User_USER-34C25 2015-12-16 22_09_07">
      <DeploymentItem filename="D:\onu\ИПО\krgt\krgt\bin\Debug\krgt.exe" />
    </Deployment>
    <Execution>
      <TestTypeSpecific />
      <AgentRule name="Execution Agents">
      </AgentRule>
    </Execution>
  </TestSettings>
  <Times creation="2015-12-16T22:09:07.9373292+02:00" queuing="2015-12-16T22:09:08.0593362+02:00" start="2015-12-16T22:09:08.0773372+02:00" finish="2015-12-16T22:09:08.5763658+02:00" />
  <ResultSummary outcome="Completed">
    <Counters total="5" executed="5" passed="5" error="0" failed="0" timeout="0" aborted="0" inconclusive="0" passedButRunAborted="0" notRunnable="0" notExecuted="0" disconnected="0" warning="0" completed="0" inProgress="0" pending="0" />
  </ResultSummary>
  <TestDefinitions>
    <UnitTest name="TestMethod6" storage="d:\onu\ипо\krgt\testproject1\bin\debug\testproject1.dll" id="d11305d8-8f4f-c704-3c83-80f1146d0d52">
      <Execution id="f9a7605e-9839-40b2-aca6-66f3c5b2a72e" />
      <TestMethod codeBase="D:/onu/ИПО/krgt/TestProject1/bin/Debug/TestProject1.DLL" adapterTypeName="Microsoft.VisualStudio.TestTools.TestTypes.Unit.UnitTestAdapter, Microsoft.VisualStudio.QualityTools.Tips.UnitTest.Adapter, Version=10.0.0.0, Culture=neutral, PublicKeyToken=b03f5f7f11d50a3a" className="TestProject1.Test2, TestProject1, Version=1.0.0.0, Culture=neutral, PublicKeyToken=null" name="TestMethod6" />
    </UnitTest>
    <UnitTest name="TestMethod8" storage="d:\onu\ипо\krgt\testproject1\bin\debug\testproject1.dll" id="634b9050-9cf1-ec9f-5e9a-6b6b65a1d5e7">
      <Execution id="6e8a39c4-6236-4d5e-839a-02007c48beea" />
      <TestMethod codeBase="D:/onu/ИПО/krgt/TestProject1/bin/Debug/TestProject1.DLL" adapterTypeName="Microsoft.VisualStudio.TestTools.TestTypes.Unit.UnitTestAdapter, Microsoft.VisualStudio.QualityTools.Tips.UnitTest.Adapter, Version=10.0.0.0, Culture=neutral, PublicKeyToken=b03f5f7f11d50a3a" className="TestProject1.Test2, TestProject1, Version=1.0.0.0, Culture=neutral, PublicKeyToken=null" name="TestMethod8" />
    </UnitTest>
    <UnitTest name="TestMethod10" storage="d:\onu\ипо\krgt\testproject1\bin\debug\testproject1.dll" id="692430c7-4c85-6dff-1bc3-d0bfece3800d">
      <Execution id="1d413811-5669-4f44-acb9-8802d6f3f9ed" />
      <TestMethod codeBase="D:/onu/ИПО/krgt/TestProject1/bin/Debug/TestProject1.DLL" adapterTypeName="Microsoft.VisualStudio.TestTools.TestTypes.Unit.UnitTestAdapter, Microsoft.VisualStudio.QualityTools.Tips.UnitTest.Adapter, Version=10.0.0.0, Culture=neutral, PublicKeyToken=b03f5f7f11d50a3a" className="TestProject1.Test2, TestProject1, Version=1.0.0.0, Culture=neutral, PublicKeyToken=null" name="TestMethod10" />
    </UnitTest>
    <UnitTest name="TestMethod9" storage="d:\onu\ипо\krgt\testproject1\bin\debug\testproject1.dll" id="4868da3a-4dd6-c233-2a85-0359299948ad">
      <Execution id="4cd498ce-457f-425f-8c88-74c5af0b674b" />
      <TestMethod codeBase="D:/onu/ИПО/krgt/TestProject1/bin/Debug/TestProject1.DLL" adapterTypeName="Microsoft.VisualStudio.TestTools.TestTypes.Unit.UnitTestAdapter, Microsoft.VisualStudio.QualityTools.Tips.UnitTest.Adapter, Version=10.0.0.0, Culture=neutral, PublicKeyToken=b03f5f7f11d50a3a" className="TestProject1.Test2, TestProject1, Version=1.0.0.0, Culture=neutral, PublicKeyToken=null" name="TestMethod9" />
    </UnitTest>
    <UnitTest name="TestMethod7" storage="d:\onu\ипо\krgt\testproject1\bin\debug\testproject1.dll" id="c032974c-c399-20c0-5d78-a0f948c2a820">
      <Execution id="d88aefef-4f43-4696-9ad7-2b03b4296ed6" />
      <TestMethod codeBase="D:/onu/ИПО/krgt/TestProject1/bin/Debug/TestProject1.DLL" adapterTypeName="Microsoft.VisualStudio.TestTools.TestTypes.Unit.UnitTestAdapter, Microsoft.VisualStudio.QualityTools.Tips.UnitTest.Adapter, Version=10.0.0.0, Culture=neutral, PublicKeyToken=b03f5f7f11d50a3a" className="TestProject1.Test2, TestProject1, Version=1.0.0.0, Culture=neutral, PublicKeyToken=null" name="TestMethod7" />
    </UnitTest>
  </TestDefinitions>
  <TestLists>
    <TestList name="Отсутствующие в списке результаты" id="8c84fa94-04c1-424b-9868-57a2d4851a1d" />
    <TestList name="Все загруженные результаты" id="19431567-8539-422a-85d7-44ee4e166bda" />
  </TestLists>
  <TestEntries>
    <TestEntry testId="4868da3a-4dd6-c233-2a85-0359299948ad" executionId="4cd498ce-457f-425f-8c88-74c5af0b674b" testListId="8c84fa94-04c1-424b-9868-57a2d4851a1d" />
    <TestEntry testId="634b9050-9cf1-ec9f-5e9a-6b6b65a1d5e7" executionId="6e8a39c4-6236-4d5e-839a-02007c48beea" testListId="8c84fa94-04c1-424b-9868-57a2d4851a1d" />
    <TestEntry testId="692430c7-4c85-6dff-1bc3-d0bfece3800d" executionId="1d413811-5669-4f44-acb9-8802d6f3f9ed" testListId="8c84fa94-04c1-424b-9868-57a2d4851a1d" />
    <TestEntry testId="c032974c-c399-20c0-5d78-a0f948c2a820" executionId="d88aefef-4f43-4696-9ad7-2b03b4296ed6" testListId="8c84fa94-04c1-424b-9868-57a2d4851a1d" />
    <TestEntry testId="d11305d8-8f4f-c704-3c83-80f1146d0d52" executionId="f9a7605e-9839-40b2-aca6-66f3c5b2a72e" testListId="8c84fa94-04c1-424b-9868-57a2d4851a1d" />
  </TestEntries>
  <Results>
    <UnitTestResult executionId="4cd498ce-457f-425f-8c88-74c5af0b674b" testId="4868da3a-4dd6-c233-2a85-0359299948ad" testName="TestMethod9" computerName="USER-34C25" duration="00:00:00.0434251" startTime="2015-12-16T22:09:08.0943382+02:00" endTime="2015-12-16T22:09:08.4673595+02:00" testType="13cdc9d9-ddb5-4fa4-a97d-d965ccfc6d4b" outcome="Passed" testListId="8c84fa94-04c1-424b-9868-57a2d4851a1d" relativeResultsDirectory="4cd498ce-457f-425f-8c88-74c5af0b674b">
    </UnitTestResult>
    <UnitTestResult executionId="6e8a39c4-6236-4d5e-839a-02007c48beea" testId="634b9050-9cf1-ec9f-5e9a-6b6b65a1d5e7" testName="TestMethod8" computerName="USER-34C25" duration="00:00:00.0010109" startTime="2015-12-16T22:09:08.4713598+02:00" endTime="2015-12-16T22:09:08.4793602+02:00" testType="13cdc9d9-ddb5-4fa4-a97d-d965ccfc6d4b" outcome="Passed" testListId="8c84fa94-04c1-424b-9868-57a2d4851a1d" relativeResultsDirectory="6e8a39c4-6236-4d5e-839a-02007c48beea">
    </UnitTestResult>
    <UnitTestResult executionId="1d413811-5669-4f44-acb9-8802d6f3f9ed" testId="692430c7-4c85-6dff-1bc3-d0bfece3800d" testName="TestMethod10" computerName="USER-34C25" duration="00:00:00.0010900" startTime="2015-12-16T22:09:08.4843605+02:00" endTime="2015-12-16T22:09:08.4903609+02:00" testType="13cdc9d9-ddb5-4fa4-a97d-d965ccfc6d4b" outcome="Passed" testListId="8c84fa94-04c1-424b-9868-57a2d4851a1d" relativeResultsDirectory="1d413811-5669-4f44-acb9-8802d6f3f9ed">
    </UnitTestResult>
    <UnitTestResult executionId="d88aefef-4f43-4696-9ad7-2b03b4296ed6" testId="c032974c-c399-20c0-5d78-a0f948c2a820" testName="TestMethod7" computerName="USER-34C25" duration="00:00:00.0025225" startTime="2015-12-16T22:09:08.4983613+02:00" endTime="2015-12-16T22:09:08.5173624+02:00" testType="13cdc9d9-ddb5-4fa4-a97d-d965ccfc6d4b" outcome="Passed" testListId="8c84fa94-04c1-424b-9868-57a2d4851a1d" relativeResultsDirectory="d88aefef-4f43-4696-9ad7-2b03b4296ed6">
    </UnitTestResult>
    <UnitTestResult executionId="f9a7605e-9839-40b2-aca6-66f3c5b2a72e" testId="d11305d8-8f4f-c704-3c83-80f1146d0d52" testName="TestMethod6" computerName="USER-34C25" duration="00:00:00.0025730" startTime="2015-12-16T22:09:08.5223627+02:00" endTime="2015-12-16T22:09:08.5413638+02:00" testType="13cdc9d9-ddb5-4fa4-a97d-d965ccfc6d4b" outcome="Passed" testListId="8c84fa94-04c1-424b-9868-57a2d4851a1d" relativeResultsDirectory="f9a7605e-9839-40b2-aca6-66f3c5b2a72e">
    </UnitTestResult>
  </Results>
</TestRun>