<?xml version="1.0" encoding="UTF-8"?>
<TestRun id="1ddcfe62-b8de-4f1d-a02d-0f1236ec29c3" name="User@USER-34C25 2015-12-16 23:03:23" runUser="User-34c25\User" xmlns="http://microsoft.com/schemas/VisualStudio/TeamTest/2010">
  <TestSettings name="Локальные" id="b3e9a8e9-d6f6-4451-9368-cfa70fe68f16">
    <Description>Это - параметры по умолчанию для локального тестового запуска.</Description>
    <Deployment enabled="false" runDeploymentRoot="User_USER-34C25 2015-12-16 23_03_23">
      <DeploymentItem filename="D:\onu\ИПО\krgt\krgt\bin\Debug\krgt.exe" />
    </Deployment>
    <Execution>
      <TestTypeSpecific />
      <AgentRule name="Execution Agents">
      </AgentRule>
    </Execution>
  </TestSettings>
  <Times creation="2015-12-16T23:03:23.4205322+02:00" queuing="2015-12-16T23:03:23.5675406+02:00" start="2015-12-16T23:03:23.5805414+02:00" finish="2015-12-16T23:03:24.1075715+02:00" />
  <ResultSummary outcome="Completed">
    <Counters total="5" executed="5" passed="5" error="0" failed="0" timeout="0" aborted="0" inconclusive="0" passedButRunAborted="0" notRunnable="0" notExecuted="0" disconnected="0" warning="0" completed="0" inProgress="0" pending="0" />
  </ResultSummary>
  <TestDefinitions>
    <UnitTest name="TestMethod6" storage="d:\onu\ипо\krgt\testproject1\bin\debug\testproject1.dll" id="d11305d8-8f4f-c704-3c83-80f1146d0d52">
      <Execution id="ca9388e4-b7d6-452e-b3bb-1a681c81d0ca" />
      <TestMethod codeBase="D:/onu/ИПО/krgt/TestProject1/bin/Debug/TestProject1.DLL" adapterTypeName="Microsoft.VisualStudio.TestTools.TestTypes.Unit.UnitTestAdapter, Microsoft.VisualStudio.QualityTools.Tips.UnitTest.Adapter, Version=10.0.0.0, Culture=neutral, PublicKeyToken=b03f5f7f11d50a3a" className="TestProject1.Test2, TestProject1, Version=1.0.0.0, Culture=neutral, PublicKeyToken=null" name="TestMethod6" />
    </UnitTest>
    <UnitTest name="TestMethod8" storage="d:\onu\ипо\krgt\testproject1\bin\debug\testproject1.dll" id="634b9050-9cf1-ec9f-5e9a-6b6b65a1d5e7">
      <Execution id="beca37f6-1d26-44bd-b91e-bcbc2f6cd574" />
      <TestMethod codeBase="D:/onu/ИПО/krgt/TestProject1/bin/Debug/TestProject1.DLL" adapterTypeName="Microsoft.VisualStudio.TestTools.TestTypes.Unit.UnitTestAdapter, Microsoft.VisualStudio.QualityTools.Tips.UnitTest.Adapter, Version=10.0.0.0, Culture=neutral, PublicKeyToken=b03f5f7f11d50a3a" className="TestProject1.Test2, TestProject1, Version=1.0.0.0, Culture=neutral, PublicKeyToken=null" name="TestMethod8" />
    </UnitTest>
    <UnitTest name="TestMethod10" storage="d:\onu\ипо\krgt\testproject1\bin\debug\testproject1.dll" id="692430c7-4c85-6dff-1bc3-d0bfece3800d">
      <Execution id="6d7b6ce2-e32d-48b9-ad69-7bf3fdaa87f0" />
      <TestMethod codeBase="D:/onu/ИПО/krgt/TestProject1/bin/Debug/TestProject1.DLL" adapterTypeName="Microsoft.VisualStudio.TestTools.TestTypes.Unit.UnitTestAdapter, Microsoft.VisualStudio.QualityTools.Tips.UnitTest.Adapter, Version=10.0.0.0, Culture=neutral, PublicKeyToken=b03f5f7f11d50a3a" className="TestProject1.Test2, TestProject1, Version=1.0.0.0, Culture=neutral, PublicKeyToken=null" name="TestMethod10" />
    </UnitTest>
    <UnitTest name="TestMethod9" storage="d:\onu\ипо\krgt\testproject1\bin\debug\testproject1.dll" id="4868da3a-4dd6-c233-2a85-0359299948ad">
      <Execution id="e7904658-a271-4a45-abdb-5d558e9eb749" />
      <TestMethod codeBase="D:/onu/ИПО/krgt/TestProject1/bin/Debug/TestProject1.DLL" adapterTypeName="Microsoft.VisualStudio.TestTools.TestTypes.Unit.UnitTestAdapter, Microsoft.VisualStudio.QualityTools.Tips.UnitTest.Adapter, Version=10.0.0.0, Culture=neutral, PublicKeyToken=b03f5f7f11d50a3a" className="TestProject1.Test2, TestProject1, Version=1.0.0.0, Culture=neutral, PublicKeyToken=null" name="TestMethod9" />
    </UnitTest>
    <UnitTest name="TestMethod7" storage="d:\onu\ипо\krgt\testproject1\bin\debug\testproject1.dll" id="c032974c-c399-20c0-5d78-a0f948c2a820">
      <Execution id="57e8918c-5b33-4e79-8e19-6013c9a1f2d0" />
      <TestMethod codeBase="D:/onu/ИПО/krgt/TestProject1/bin/Debug/TestProject1.DLL" adapterTypeName="Microsoft.VisualStudio.TestTools.TestTypes.Unit.UnitTestAdapter, Microsoft.VisualStudio.QualityTools.Tips.UnitTest.Adapter, Version=10.0.0.0, Culture=neutral, PublicKeyToken=b03f5f7f11d50a3a" className="TestProject1.Test2, TestProject1, Version=1.0.0.0, Culture=neutral, PublicKeyToken=null" name="TestMethod7" />
    </UnitTest>
  </TestDefinitions>
  <TestLists>
    <TestList name="Отсутствующие в списке результаты" id="8c84fa94-04c1-424b-9868-57a2d4851a1d" />
    <TestList name="Все загруженные результаты" id="19431567-8539-422a-85d7-44ee4e166bda" />
  </TestLists>
  <TestEntries>
    <TestEntry testId="4868da3a-4dd6-c233-2a85-0359299948ad" executionId="e7904658-a271-4a45-abdb-5d558e9eb749" testListId="8c84fa94-04c1-424b-9868-57a2d4851a1d" />
    <TestEntry testId="634b9050-9cf1-ec9f-5e9a-6b6b65a1d5e7" executionId="beca37f6-1d26-44bd-b91e-bcbc2f6cd574" testListId="8c84fa94-04c1-424b-9868-57a2d4851a1d" />
    <TestEntry testId="692430c7-4c85-6dff-1bc3-d0bfece3800d" executionId="6d7b6ce2-e32d-48b9-ad69-7bf3fdaa87f0" testListId="8c84fa94-04c1-424b-9868-57a2d4851a1d" />
    <TestEntry testId="c032974c-c399-20c0-5d78-a0f948c2a820" executionId="57e8918c-5b33-4e79-8e19-6013c9a1f2d0" testListId="8c84fa94-04c1-424b-9868-57a2d4851a1d" />
    <TestEntry testId="d11305d8-8f4f-c704-3c83-80f1146d0d52" executionId="ca9388e4-b7d6-452e-b3bb-1a681c81d0ca" testListId="8c84fa94-04c1-424b-9868-57a2d4851a1d" />
  </TestEntries>
  <Results>
    <UnitTestResult executionId="e7904658-a271-4a45-abdb-5d558e9eb749" testId="4868da3a-4dd6-c233-2a85-0359299948ad" testName="TestMethod9" computerName="USER-34C25" duration="00:00:00.0306982" startTime="2015-12-16T23:03:23.6005425+02:00" endTime="2015-12-16T23:03:24.0125661+02:00" testType="13cdc9d9-ddb5-4fa4-a97d-d965ccfc6d4b" outcome="Passed" testListId="8c84fa94-04c1-424b-9868-57a2d4851a1d" relativeResultsDirectory="e7904658-a271-4a45-abdb-5d558e9eb749">
    </UnitTestResult>
    <UnitTestResult executionId="beca37f6-1d26-44bd-b91e-bcbc2f6cd574" testId="634b9050-9cf1-ec9f-5e9a-6b6b65a1d5e7" testName="TestMethod8" computerName="USER-34C25" duration="00:00:00.0017284" startTime="2015-12-16T23:03:24.0265669+02:00" endTime="2015-12-16T23:03:24.0335673+02:00" testType="13cdc9d9-ddb5-4fa4-a97d-d965ccfc6d4b" outcome="Passed" testListId="8c84fa94-04c1-424b-9868-57a2d4851a1d" relativeResultsDirectory="beca37f6-1d26-44bd-b91e-bcbc2f6cd574">
    </UnitTestResult>
    <UnitTestResult executionId="6d7b6ce2-e32d-48b9-ad69-7bf3fdaa87f0" testId="692430c7-4c85-6dff-1bc3-d0bfece3800d" testName="TestMethod10" computerName="USER-34C25" duration="00:00:00.0011160" startTime="2015-12-16T23:03:24.0375675+02:00" endTime="2015-12-16T23:03:24.0435678+02:00" testType="13cdc9d9-ddb5-4fa4-a97d-d965ccfc6d4b" outcome="Passed" testListId="8c84fa94-04c1-424b-9868-57a2d4851a1d" relativeResultsDirectory="6d7b6ce2-e32d-48b9-ad69-7bf3fdaa87f0">
    </UnitTestResult>
    <UnitTestResult executionId="57e8918c-5b33-4e79-8e19-6013c9a1f2d0" testId="c032974c-c399-20c0-5d78-a0f948c2a820" testName="TestMethod7" computerName="USER-34C25" duration="00:00:00.0007286" startTime="2015-12-16T23:03:24.0495682+02:00" endTime="2015-12-16T23:03:24.0555685+02:00" testType="13cdc9d9-ddb5-4fa4-a97d-d965ccfc6d4b" outcome="Passed" testListId="8c84fa94-04c1-424b-9868-57a2d4851a1d" relativeResultsDirectory="57e8918c-5b33-4e79-8e19-6013c9a1f2d0">
    </UnitTestResult>
    <UnitTestResult executionId="ca9388e4-b7d6-452e-b3bb-1a681c81d0ca" testId="d11305d8-8f4f-c704-3c83-80f1146d0d52" testName="TestMethod6" computerName="USER-34C25" duration="00:00:00.0015672" startTime="2015-12-16T23:03:24.0605688+02:00" endTime="2015-12-16T23:03:24.0665692+02:00" testType="13cdc9d9-ddb5-4fa4-a97d-d965ccfc6d4b" outcome="Passed" testListId="8c84fa94-04c1-424b-9868-57a2d4851a1d" relativeResultsDirectory="ca9388e4-b7d6-452e-b3bb-1a681c81d0ca">
    </UnitTestResult>
  </Results>
</TestRun>