<?xml version="1.0" encoding="UTF-8"?>
<TestRun id="5aeddc23-38a3-4caf-a7f0-75371ff25612" name="User@USER-34C25 2015-12-16 21:48:01" runUser="User-34c25\User" xmlns="http://microsoft.com/schemas/VisualStudio/TeamTest/2010">
  <TestSettings name="Локальные" id="b3e9a8e9-d6f6-4451-9368-cfa70fe68f16">
    <Description>Это - параметры по умолчанию для локального тестового запуска.</Description>
    <Deployment enabled="false" runDeploymentRoot="User_USER-34C25 2015-12-16 21_48_01">
      <DeploymentItem filename="D:\onu\ИПО\krgt\krgt\bin\Debug\krgt.exe" />
    </Deployment>
    <Execution>
      <TestTypeSpecific />
      <AgentRule name="Execution Agents">
      </AgentRule>
    </Execution>
  </TestSettings>
  <Times creation="2015-12-16T21:48:01.0928699+02:00" queuing="2015-12-16T21:48:02.9239746+02:00" start="2015-12-16T21:48:03.0749832+02:00" finish="2015-12-16T21:48:04.0210373+02:00" />
  <ResultSummary outcome="Completed">
    <Counters total="1" executed="1" passed="1" error="0" failed="0" timeout="0" aborted="0" inconclusive="0" passedButRunAborted="0" notRunnable="0" notExecuted="0" disconnected="0" warning="0" completed="0" inProgress="0" pending="0" />
  </ResultSummary>
  <TestDefinitions>
    <UnitTest name="TestMethod7" storage="d:\onu\ипо\krgt\testproject1\bin\debug\testproject1.dll" id="d5dd5eea-9dec-89a8-6475-86b2bdfee2dc">
      <Execution id="2301d24e-e6eb-4dfb-8bee-7e4b2231aaa5" />
      <TestMethod codeBase="D:/onu/ИПО/krgt/TestProject1/bin/Debug/TestProject1.DLL" adapterTypeName="Microsoft.VisualStudio.TestTools.TestTypes.Unit.UnitTestAdapter, Microsoft.VisualStudio.QualityTools.Tips.UnitTest.Adapter, Version=10.0.0.0, Culture=neutral, PublicKeyToken=b03f5f7f11d50a3a" className="TestProject1.UnitTest1, TestProject1, Version=1.0.0.0, Culture=neutral, PublicKeyToken=null" name="TestMethod7" />
    </UnitTest>
  </TestDefinitions>
  <TestLists>
    <TestList name="Отсутствующие в списке результаты" id="8c84fa94-04c1-424b-9868-57a2d4851a1d" />
    <TestList name="Все загруженные результаты" id="19431567-8539-422a-85d7-44ee4e166bda" />
  </TestLists>
  <TestEntries>
    <TestEntry testId="d5dd5eea-9dec-89a8-6475-86b2bdfee2dc" executionId="2301d24e-e6eb-4dfb-8bee-7e4b2231aaa5" testListId="8c84fa94-04c1-424b-9868-57a2d4851a1d" />
  </TestEntries>
  <Results>
    <UnitTestResult executionId="2301d24e-e6eb-4dfb-8bee-7e4b2231aaa5" testId="d5dd5eea-9dec-89a8-6475-86b2bdfee2dc" testName="TestMethod7" computerName="USER-34C25" duration="00:00:00.0355043" startTime="2015-12-16T21:48:03.1229860+02:00" endTime="2015-12-16T21:48:03.9230317+02:00" testType="13cdc9d9-ddb5-4fa4-a97d-d965ccfc6d4b" outcome="Passed" testListId="8c84fa94-04c1-424b-9868-57a2d4851a1d" relativeResultsDirectory="2301d24e-e6eb-4dfb-8bee-7e4b2231aaa5">
    </UnitTestResult>
  </Results>
</TestRun>